ls: impossível aceder a 'nãoexiste': Ficheiro ou directoria inexistente
